// Jest Snapshot v1, https://goo.gl/fbAQLP

exports[`CivGrid renders correctly 1`] = `
<div
  className="chooser"
  id="civgrid"
>
  <div
    className="chooser-grid"
  >
    <Connect(I18nextWithTranslation)
      active={false}
      civPanelType="choice"
      civilisation={
        Civilisation {
          "gameVersion": 1,
          "isRandomlyChosenCiv": false,
          "name": "RANDOM",
        }
      }
      key="-1"
    />
    <Connect(I18nextWithTranslation)
      active={false}
      civPanelType="choice"
      civilisation={
        Civilisation {
          "gameVersion": 2,
          "isRandomlyChosenCiv": false,
          "name": "Aztecs",
        }
      }
      key="0"
    />
    <Connect(I18nextWithTranslation)
      active={false}
      civPanelType="choice"
      civilisation={
        Civilisation {
          "gameVersion": 4,
          "isRandomlyChosenCiv": false,
          "name": "Berbers",
        }
      }
      key="1"
    />
    <Connect(I18nextWithTranslation)
      active={false}
      civPanelType="choice"
      civilisation={
        Civilisation {
          "gameVersion": 1,
          "isRandomlyChosenCiv": false,
          "name": "Britons",
        }
      }
      key="2"
    />
    <Connect(I18nextWithTranslation)
      active={false}
      civPanelType="choice"
      civilisation={
        Civilisation {
          "gameVersion": 5,
          "isRandomlyChosenCiv": false,
          "name": "Burmese",
        }
      }
      key="3"
    />
    <Connect(I18nextWithTranslation)
      active={false}
      civPanelType="choice"
      civilisation={
        Civilisation {
          "gameVersion": 1,
          "isRandomlyChosenCiv": false,
          "name": "Byzantines",
        }
      }
      key="4"
    />
    <Connect(I18nextWithTranslation)
      active={false}
      civPanelType="choice"
      civilisation={
        Civilisation {
          "gameVersion": 1,
          "isRandomlyChosenCiv": false,
          "name": "Celts",
        }
      }
      key="5"
    />
    <Connect(I18nextWithTranslation)
      active={false}
      civPanelType="choice"
      civilisation={
        Civilisation {
          "gameVersion": 1,
          "isRandomlyChosenCiv": false,
          "name": "Chinese",
        }
      }
      key="6"
    />
    <Connect(I18nextWithTranslation)
      active={false}
      civPanelType="choice"
      civilisation={
        Civilisation {
          "gameVersion": 4,
          "isRandomlyChosenCiv": false,
          "name": "Ethiopians",
        }
      }
      key="7"
    />
    <Connect(I18nextWithTranslation)
      active={false}
      civPanelType="choice"
      civilisation={
        Civilisation {
          "gameVersion": 1,
          "isRandomlyChosenCiv": false,
          "name": "Franks",
        }
      }
      key="8"
    />
    <Connect(I18nextWithTranslation)
      active={false}
      civPanelType="choice"
      civilisation={
        Civilisation {
          "gameVersion": 1,
          "isRandomlyChosenCiv": false,
          "name": "Goths",
        }
      }
      key="9"
    />
    <Connect(I18nextWithTranslation)
      active={false}
      civPanelType="choice"
      civilisation={
        Civilisation {
          "gameVersion": 2,
          "isRandomlyChosenCiv": false,
          "name": "Huns",
        }
      }
      key="10"
    />
    <Connect(I18nextWithTranslation)
      active={false}
      civPanelType="choice"
      civilisation={
        Civilisation {
          "gameVersion": 3,
          "isRandomlyChosenCiv": false,
          "name": "Incas",
        }
      }
      key="11"
    />
    <Connect(I18nextWithTranslation)
      active={false}
      civPanelType="choice"
      civilisation={
        Civilisation {
          "gameVersion": 3,
          "isRandomlyChosenCiv": false,
          "name": "Indians",
        }
      }
      key="12"
    />
    <Connect(I18nextWithTranslation)
      active={false}
      civPanelType="choice"
      civilisation={
        Civilisation {
          "gameVersion": 3,
          "isRandomlyChosenCiv": false,
          "name": "Italians",
        }
      }
      key="13"
    />
    <Connect(I18nextWithTranslation)
      active={false}
      civPanelType="choice"
      civilisation={
        Civilisation {
          "gameVersion": 1,
          "isRandomlyChosenCiv": false,
          "name": "Japanese",
        }
      }
      key="14"
    />
    <Connect(I18nextWithTranslation)
      active={false}
      civPanelType="choice"
      civilisation={
        Civilisation {
          "gameVersion": 5,
          "isRandomlyChosenCiv": false,
          "name": "Khmer",
        }
      }
      key="15"
    />
    <Connect(I18nextWithTranslation)
      active={false}
      civPanelType="choice"
      civilisation={
        Civilisation {
          "gameVersion": 2,
          "isRandomlyChosenCiv": false,
          "name": "Koreans",
        }
      }
      key="16"
    />
    <Connect(I18nextWithTranslation)
      active={false}
      civPanelType="choice"
      civilisation={
        Civilisation {
          "gameVersion": 3,
          "isRandomlyChosenCiv": false,
          "name": "Magyars",
        }
      }
      key="17"
    />
    <Connect(I18nextWithTranslation)
      active={false}
      civPanelType="choice"
      civilisation={
        Civilisation {
          "gameVersion": 5,
          "isRandomlyChosenCiv": false,
          "name": "Malay",
        }
      }
      key="18"
    />
    <Connect(I18nextWithTranslation)
      active={false}
      civPanelType="choice"
      civilisation={
        Civilisation {
          "gameVersion": 4,
          "isRandomlyChosenCiv": false,
          "name": "Malians",
        }
      }
      key="19"
    />
    <Connect(I18nextWithTranslation)
      active={false}
      civPanelType="choice"
      civilisation={
        Civilisation {
          "gameVersion": 2,
          "isRandomlyChosenCiv": false,
          "name": "Mayans",
        }
      }
      key="20"
    />
    <Connect(I18nextWithTranslation)
      active={false}
      civPanelType="choice"
      civilisation={
        Civilisation {
          "gameVersion": 1,
          "isRandomlyChosenCiv": false,
          "name": "Mongols",
        }
      }
      key="21"
    />
    <Connect(I18nextWithTranslation)
      active={false}
      civPanelType="choice"
      civilisation={
        Civilisation {
          "gameVersion": 1,
          "isRandomlyChosenCiv": false,
          "name": "Persians",
        }
      }
      key="22"
    />
    <Connect(I18nextWithTranslation)
      active={false}
      civPanelType="choice"
      civilisation={
        Civilisation {
          "gameVersion": 4,
          "isRandomlyChosenCiv": false,
          "name": "Portuguese",
        }
      }
      key="23"
    />
    <Connect(I18nextWithTranslation)
      active={false}
      civPanelType="choice"
      civilisation={
        Civilisation {
          "gameVersion": 1,
          "isRandomlyChosenCiv": false,
          "name": "Saracens",
        }
      }
      key="24"
    />
    <Connect(I18nextWithTranslation)
      active={false}
      civPanelType="choice"
      civilisation={
        Civilisation {
          "gameVersion": 3,
          "isRandomlyChosenCiv": false,
          "name": "Slavs",
        }
      }
      key="25"
    />
    <Connect(I18nextWithTranslation)
      active={false}
      civPanelType="choice"
      civilisation={
        Civilisation {
          "gameVersion": 2,
          "isRandomlyChosenCiv": false,
          "name": "Spanish",
        }
      }
      key="26"
    />
    <Connect(I18nextWithTranslation)
      active={false}
      civPanelType="choice"
      civilisation={
        Civilisation {
          "gameVersion": 1,
          "isRandomlyChosenCiv": false,
          "name": "Teutons",
        }
      }
      key="27"
    />
    <Connect(I18nextWithTranslation)
      active={false}
      civPanelType="choice"
      civilisation={
        Civilisation {
          "gameVersion": 1,
          "isRandomlyChosenCiv": false,
          "name": "Turks",
        }
      }
      key="28"
    />
    <Connect(I18nextWithTranslation)
      active={false}
      civPanelType="choice"
      civilisation={
        Civilisation {
          "gameVersion": 5,
          "isRandomlyChosenCiv": false,
          "name": "Vietnamese",
        }
      }
      key="29"
    />
    <Connect(I18nextWithTranslation)
      active={false}
      civPanelType="choice"
      civilisation={
        Civilisation {
          "gameVersion": 1,
          "isRandomlyChosenCiv": false,
          "name": "Vikings",
        }
      }
      key="30"
    />
    <Connect(I18nextWithTranslation)
      active={false}
      civPanelType="choice"
      civilisation={
        Civilisation {
          "gameVersion": 6,
          "isRandomlyChosenCiv": false,
          "name": "Bulgarians",
        }
      }
      key="31"
    />
    <Connect(I18nextWithTranslation)
      active={false}
      civPanelType="choice"
      civilisation={
        Civilisation {
          "gameVersion": 6,
          "isRandomlyChosenCiv": false,
          "name": "Cumans",
        }
      }
      key="32"
    />
    <Connect(I18nextWithTranslation)
      active={false}
      civPanelType="choice"
      civilisation={
        Civilisation {
          "gameVersion": 6,
          "isRandomlyChosenCiv": false,
          "name": "Lithuanians",
        }
      }
      key="33"
    />
    <Connect(I18nextWithTranslation)
      active={false}
      civPanelType="choice"
      civilisation={
        Civilisation {
          "gameVersion": 6,
          "isRandomlyChosenCiv": false,
          "name": "Tatars",
        }
      }
      key="34"
    />
  </div>
</div>
`;
