// Jest Snapshot v1, https://goo.gl/fbAQLP

exports[`Draft renders correctly 1`] = `
<withRouter(Draft)
  i18n={Object {}}
  nameGuest="Beastly Barbarossa"
  nameHost="Sneaky Saladin"
  nextAction={0}
  preset={
    Preset {
      "encodedCivilisations": "7ffffffff",
      "name": "Default Preset",
      "turns": Array [
        Turn {
          "action": "BAN",
          "exclusivity": "GLOBAL",
          "hidden": false,
          "parallel": false,
          "player": "HOST",
        },
        Turn {
          "action": "BAN",
          "exclusivity": "GLOBAL",
          "hidden": false,
          "parallel": false,
          "player": "GUEST",
        },
        Turn {
          "action": "BAN",
          "exclusivity": "NONEXCLUSIVE",
          "hidden": true,
          "parallel": false,
          "player": "HOST",
        },
        Turn {
          "action": "BAN",
          "exclusivity": "NONEXCLUSIVE",
          "hidden": true,
          "parallel": false,
          "player": "GUEST",
        },
        Turn {
          "action": "REVEAL_ALL",
          "exclusivity": "GLOBAL",
          "hidden": false,
          "parallel": false,
          "player": "NONE",
        },
        Turn {
          "action": "PICK",
          "exclusivity": "GLOBAL",
          "hidden": false,
          "parallel": false,
          "player": "HOST",
        },
        Turn {
          "action": "PICK",
          "exclusivity": "GLOBAL",
          "hidden": false,
          "parallel": false,
          "player": "GUEST",
        },
        Turn {
          "action": "PICK",
          "exclusivity": "EXCLUSIVE",
          "hidden": false,
          "parallel": false,
          "player": "HOST",
        },
        Turn {
          "action": "PICK",
          "exclusivity": "EXCLUSIVE",
          "hidden": false,
          "parallel": false,
          "player": "GUEST",
        },
        Turn {
          "action": "PICK",
          "exclusivity": "NONEXCLUSIVE",
          "hidden": true,
          "parallel": false,
          "player": "HOST",
        },
        Turn {
          "action": "PICK",
          "exclusivity": "NONEXCLUSIVE",
          "hidden": true,
          "parallel": false,
          "player": "GUEST",
        },
        Turn {
          "action": "PICK",
          "exclusivity": "NONEXCLUSIVE",
          "hidden": true,
          "parallel": false,
          "player": "HOST",
        },
        Turn {
          "action": "PICK",
          "exclusivity": "NONEXCLUSIVE",
          "hidden": true,
          "parallel": false,
          "player": "GUEST",
        },
        Turn {
          "action": "PICK",
          "exclusivity": "NONEXCLUSIVE",
          "hidden": true,
          "parallel": false,
          "player": "HOST",
        },
        Turn {
          "action": "PICK",
          "exclusivity": "NONEXCLUSIVE",
          "hidden": true,
          "parallel": false,
          "player": "GUEST",
        },
        Turn {
          "action": "PICK",
          "exclusivity": "NONEXCLUSIVE",
          "hidden": true,
          "parallel": false,
          "player": "HOST",
        },
        Turn {
          "action": "PICK",
          "exclusivity": "NONEXCLUSIVE",
          "hidden": true,
          "parallel": false,
          "player": "GUEST",
        },
        Turn {
          "action": "REVEAL_ALL",
          "exclusivity": "GLOBAL",
          "hidden": false,
          "parallel": false,
          "player": "NONE",
        },
        Turn {
          "action": "SNIPE",
          "exclusivity": "NONEXCLUSIVE",
          "hidden": true,
          "parallel": false,
          "player": "HOST",
        },
        Turn {
          "action": "SNIPE",
          "exclusivity": "NONEXCLUSIVE",
          "hidden": true,
          "parallel": false,
          "player": "GUEST",
        },
        Turn {
          "action": "REVEAL_ALL",
          "exclusivity": "GLOBAL",
          "hidden": false,
          "parallel": false,
          "player": "NONE",
        },
      ],
    }
  }
  t={[Function]}
  tReady={true}
  whoAmI="HOST"
/>
`;
